[2025-05-15T10:54:44.065+0000] {taskinstance.py:1087} INFO - Dependencies all met for <TaskInstance: load_sales_dag.load_sales_data manual__2025-05-15T10:54:42.499133+00:00 [queued]>
[2025-05-15T10:54:44.074+0000] {taskinstance.py:1087} INFO - Dependencies all met for <TaskInstance: load_sales_dag.load_sales_data manual__2025-05-15T10:54:42.499133+00:00 [queued]>
[2025-05-15T10:54:44.074+0000] {taskinstance.py:1283} INFO - 
--------------------------------------------------------------------------------
[2025-05-15T10:54:44.074+0000] {taskinstance.py:1284} INFO - Starting attempt 1 of 1
[2025-05-15T10:54:44.074+0000] {taskinstance.py:1285} INFO - 
--------------------------------------------------------------------------------
[2025-05-15T10:54:44.086+0000] {taskinstance.py:1304} INFO - Executing <Task(PythonOperator): load_sales_data> on 2025-05-15 10:54:42.499133+00:00
[2025-05-15T10:54:44.092+0000] {standard_task_runner.py:55} INFO - Started process 185 to run task
[2025-05-15T10:54:44.095+0000] {standard_task_runner.py:82} INFO - Running: ['***', 'tasks', 'run', 'load_sales_dag', 'load_sales_data', 'manual__2025-05-15T10:54:42.499133+00:00', '--job-id', '7', '--raw', '--subdir', 'DAGS_FOLDER/load_sales_dag.py', '--cfg-path', '/tmp/tmp0m8cyjmb']
[2025-05-15T10:54:44.096+0000] {standard_task_runner.py:83} INFO - Job 7: Subtask load_sales_data
[2025-05-15T10:54:44.147+0000] {task_command.py:389} INFO - Running <TaskInstance: load_sales_dag.load_sales_data manual__2025-05-15T10:54:42.499133+00:00 [running]> on host 1471fda29698
[2025-05-15T10:54:44.341+0000] {taskinstance.py:1513} INFO - Exporting the following env vars:
AIRFLOW_CTX_DAG_OWNER=***
AIRFLOW_CTX_DAG_ID=load_sales_dag
AIRFLOW_CTX_TASK_ID=load_sales_data
AIRFLOW_CTX_EXECUTION_DATE=2025-05-15T10:54:42.499133+00:00
AIRFLOW_CTX_TRY_NUMBER=1
AIRFLOW_CTX_DAG_RUN_ID=manual__2025-05-15T10:54:42.499133+00:00
[2025-05-15T10:54:44.344+0000] {taskinstance.py:1772} ERROR - Task failed with exception
Traceback (most recent call last):
  File "/home/airflow/.local/lib/python3.7/site-packages/airflow/operators/python.py", line 175, in execute
    return_value = self.execute_callable()
  File "/home/airflow/.local/lib/python3.7/site-packages/airflow/operators/python.py", line 192, in execute_callable
    return self.python_callable(*self.op_args, **self.op_kwargs)
  File "/opt/airflow/dags/load_sales_dag.py", line 8, in load_sales
    df = pd.read_csv('/opt/airflow/data/sales.csv')
  File "/home/airflow/.local/lib/python3.7/site-packages/pandas/util/_decorators.py", line 311, in wrapper
    return func(*args, **kwargs)
  File "/home/airflow/.local/lib/python3.7/site-packages/pandas/io/parsers/readers.py", line 586, in read_csv
    return _read(filepath_or_buffer, kwds)
  File "/home/airflow/.local/lib/python3.7/site-packages/pandas/io/parsers/readers.py", line 482, in _read
    parser = TextFileReader(filepath_or_buffer, **kwds)
  File "/home/airflow/.local/lib/python3.7/site-packages/pandas/io/parsers/readers.py", line 811, in __init__
    self._engine = self._make_engine(self.engine)
  File "/home/airflow/.local/lib/python3.7/site-packages/pandas/io/parsers/readers.py", line 1040, in _make_engine
    return mapping[engine](self.f, **self.options)  # type: ignore[call-arg]
  File "/home/airflow/.local/lib/python3.7/site-packages/pandas/io/parsers/c_parser_wrapper.py", line 69, in __init__
    self._reader = parsers.TextReader(self.handles.handle, **kwds)
  File "pandas/_libs/parsers.pyx", line 549, in pandas._libs.parsers.TextReader.__cinit__
pandas.errors.EmptyDataError: No columns to parse from file
[2025-05-15T10:54:44.352+0000] {taskinstance.py:1327} INFO - Marking task as FAILED. dag_id=load_sales_dag, task_id=load_sales_data, execution_date=20250515T105442, start_date=20250515T105444, end_date=20250515T105444
[2025-05-15T10:54:44.361+0000] {standard_task_runner.py:105} ERROR - Failed to execute job 7 for task load_sales_data (No columns to parse from file; 185)
[2025-05-15T10:54:44.387+0000] {local_task_job.py:159} INFO - Task exited with return code 1
[2025-05-15T10:54:44.408+0000] {taskinstance.py:2582} INFO - 0 downstream tasks scheduled from follow-on schedule check
