[0m11:15:09.428852 [debug] [MainThread]: Sending event: {'category': 'dbt', 'action': 'invocation', 'label': 'start', 'context': [<snowplow_tracker.self_describing_json.SelfDescribingJson object at 0x7e8d63195af0>, <snowplow_tracker.self_describing_json.SelfDescribingJson object at 0x7e8d632ea8d0>, <snowplow_tracker.self_describing_json.SelfDescribingJson object at 0x7e8d64f1f8c0>]}


============================== 11:15:09.438532 | 35e64b9d-e086-45c8-886c-924570a2b325 ==============================
[0m11:15:09.438532 [info ] [MainThread]: Running with dbt=1.9.4
[0m11:15:09.439668 [debug] [MainThread]: running dbt with arguments {'printer_width': '80', 'indirect_selection': 'eager', 'log_cache_events': 'False', 'write_json': 'True', 'partial_parse': 'True', 'cache_selected_only': 'False', 'profiles_dir': '/home/codespace/.dbt', 'fail_fast': 'False', 'warn_error': 'None', 'log_path': 'logs', 'version_check': 'True', 'debug': 'False', 'use_colors': 'True', 'use_experimental_parser': 'False', 'no_print': 'None', 'quiet': 'False', 'empty': 'None', 'warn_error_options': 'WarnErrorOptions(include=[], exclude=[])', 'invocation_command': 'dbt debug', 'log_format': 'default', 'static_parser': 'True', 'target_path': 'None', 'introspect': 'True', 'send_anonymous_usage_stats': 'True'}
[0m11:15:09.468024 [info ] [MainThread]: dbt version: 1.9.4
[0m11:15:09.468928 [info ] [MainThread]: python version: 3.12.1
[0m11:15:09.469654 [info ] [MainThread]: python path: /usr/local/python/3.12.1/bin/python3
[0m11:15:09.470460 [info ] [MainThread]: os info: Linux-6.8.0-1027-azure-x86_64-with-glibc2.31
[0m11:15:09.471217 [info ] [MainThread]: Using profiles dir at /home/codespace/.dbt
[0m11:15:09.471966 [info ] [MainThread]: Using profiles.yml file at /home/codespace/.dbt/profiles.yml
[0m11:15:09.472709 [info ] [MainThread]: Using dbt_project.yml file at /workspaces/cours_DataOPS/dbt_project.yml
[0m11:15:09.473492 [info ] [MainThread]: Configuration:
[0m11:15:09.474220 [info ] [MainThread]:   profiles.yml file [[31mERROR not found[0m]
[0m11:15:09.474922 [info ] [MainThread]:   dbt_project.yml file [[31mERROR not found[0m]
[0m11:15:09.475634 [info ] [MainThread]: Required dependencies:
[0m11:15:09.478551 [debug] [MainThread]: Executing "git --help"
[0m11:15:09.484706 [debug] [MainThread]: STDOUT: "b"usage: git [-v | --version] [-h | --help] [-C <path>] [-c <name>=<value>]\n           [--exec-path[=<path>]] [--html-path] [--man-path] [--info-path]\n           [-p | --paginate | -P | --no-pager] [--no-replace-objects] [--no-lazy-fetch]\n           [--no-optional-locks] [--no-advice] [--bare] [--git-dir=<path>]\n           [--work-tree=<path>] [--namespace=<name>] [--config-env=<name>=<envvar>]\n           <command> [<args>]\n\nThese are common Git commands used in various situations:\n\nstart a working area (see also: git help tutorial)\n   clone      Clone a repository into a new directory\n   init       Create an empty Git repository or reinitialize an existing one\n\nwork on the current change (see also: git help everyday)\n   add        Add file contents to the index\n   mv         Move or rename a file, a directory, or a symlink\n   restore    Restore working tree files\n   rm         Remove files from the working tree and from the index\n\nexamine the history and state (see also: git help revisions)\n   bisect     Use binary search to find the commit that introduced a bug\n   diff       Show changes between commits, commit and working tree, etc\n   grep       Print lines matching a pattern\n   log        Show commit logs\n   show       Show various types of objects\n   status     Show the working tree status\n\ngrow, mark and tweak your common history\n   backfill   Download missing objects in a partial clone\n   branch     List, create, or delete branches\n   commit     Record changes to the repository\n   merge      Join two or more development histories together\n   rebase     Reapply commits on top of another base tip\n   reset      Reset current HEAD to the specified state\n   switch     Switch branches\n   tag        Create, list, delete or verify a tag object signed with GPG\n\ncollaborate (see also: git help workflows)\n   fetch      Download objects and refs from another repository\n   pull       Fetch from and integrate with another repository or a local branch\n   push       Update remote refs along with associated objects\n\n'git help -a' and 'git help -g' list available subcommands and some\nconcept guides. See 'git help <command>' or 'git help <concept>'\nto read about a specific subcommand or concept.\nSee 'git help git' for an overview of the system.\n""
[0m11:15:09.485663 [debug] [MainThread]: STDERR: "b''"
[0m11:15:09.488479 [info ] [MainThread]:  - git [[32mOK found[0m]

[0m11:15:09.489276 [info ] [MainThread]: Connection test skipped since no profile was found
[0m11:15:09.492105 [info ] [MainThread]: [31m2 checks failed:[0m
[0m11:15:09.493222 [info ] [MainThread]: dbt looked for a profiles.yml file in /home/codespace/.dbt/profiles.yml, but did
not find one. For more information on configuring your profile, consult the
documentation:

https://docs.getdbt.com/docs/configure-your-profile


[0m11:15:09.493995 [info ] [MainThread]: Project loading failed for the following reason:
 project path </workspaces/cours_DataOPS/dbt_project.yml> not found

[0m11:15:09.500846 [debug] [MainThread]: Resource report: {"command_name": "debug", "command_success": false, "command_wall_clock_time": 0.2386559, "process_in_blocks": "60632", "process_kernel_time": 0.206718, "process_mem_max_rss": "95968", "process_out_blocks": "16", "process_user_time": 2.07698}
[0m11:15:09.501834 [debug] [MainThread]: Command `dbt debug` failed at 11:15:09.501664 after 0.24 seconds
[0m11:15:09.504220 [debug] [MainThread]: Sending event: {'category': 'dbt', 'action': 'invocation', 'label': 'end', 'context': [<snowplow_tracker.self_describing_json.SelfDescribingJson object at 0x7e8d6644e5d0>, <snowplow_tracker.self_describing_json.SelfDescribingJson object at 0x7e8d63a6a7e0>, <snowplow_tracker.self_describing_json.SelfDescribingJson object at 0x7e8d63373410>]}
[0m11:15:09.505153 [debug] [MainThread]: Flushing usage events
[0m11:15:09.851445 [debug] [MainThread]: An error was encountered while trying to flush usage events
[0m12:35:45.411324 [debug] [MainThread]: Sending event: {'category': 'dbt', 'action': 'invocation', 'label': 'start', 'context': [<snowplow_tracker.self_describing_json.SelfDescribingJson object at 0x7da764912b10>, <snowplow_tracker.self_describing_json.SelfDescribingJson object at 0x7da764929c10>, <snowplow_tracker.self_describing_json.SelfDescribingJson object at 0x7da764929b10>]}


============================== 12:35:45.419885 | 1827869c-2b94-413f-a3f4-5ce4853a91b7 ==============================
[0m12:35:45.419885 [info ] [MainThread]: Running with dbt=1.5.11
[0m12:35:45.420767 [debug] [MainThread]: running dbt with arguments {'printer_width': '80', 'indirect_selection': 'eager', 'log_cache_events': 'False', 'write_json': 'True', 'partial_parse': 'True', 'cache_selected_only': 'False', 'warn_error': 'None', 'debug': 'False', 'profiles_dir': '/home/airflow/.dbt', 'log_path': 'logs', 'fail_fast': 'False', 'version_check': 'True', 'use_colors': 'True', 'use_experimental_parser': 'False', 'no_print': 'None', 'quiet': 'False', 'log_format': 'default', 'introspect': 'True', 'static_parser': 'True', 'warn_error_options': 'WarnErrorOptions(include=[], exclude=[])', 'target_path': 'None', 'send_anonymous_usage_stats': 'True'}
[0m12:35:45.421443 [info ] [MainThread]: dbt version: 1.5.11
[0m12:35:45.421983 [info ] [MainThread]: python version: 3.7.15
[0m12:35:45.422520 [info ] [MainThread]: python path: /usr/local/bin/python
[0m12:35:45.423021 [info ] [MainThread]: os info: Linux-6.8.0-1027-azure-x86_64-with-debian-11.5
[0m12:35:45.423538 [info ] [MainThread]: Using profiles.yml file at /home/airflow/.dbt/profiles.yml
[0m12:35:45.424029 [info ] [MainThread]: Using dbt_project.yml file at /opt/airflow/dbt_project.yml
[0m12:35:45.424533 [info ] [MainThread]: Configuration:
[0m12:35:45.425036 [info ] [MainThread]:   profiles.yml file [[31mERROR not found[0m]
[0m12:35:45.425539 [info ] [MainThread]:   dbt_project.yml file [[31mERROR not found[0m]
[0m12:35:45.426138 [info ] [MainThread]: Required dependencies:
[0m12:35:45.426691 [debug] [MainThread]: Executing "git --help"
[0m12:35:45.436517 [info ] [MainThread]:  - git [[31mERROR[0m]

[0m12:35:45.437915 [info ] [MainThread]: [31m2 checks failed:[0m
[0m12:35:45.439077 [info ] [MainThread]: dbt looked for a profiles.yml file in /home/airflow/.dbt/profiles.yml, but did
not find one. For more information on configuring your profile, consult the
documentation:

https://docs.getdbt.com/docs/configure-your-profile


[0m12:35:45.439832 [info ] [MainThread]: Error from git --help: User does not have permissions for this command: "git"

[0m12:35:45.440779 [debug] [MainThread]: Command `dbt debug` failed at 12:35:45.440640 after 0.04 seconds
[0m12:35:45.441226 [debug] [MainThread]: Sending event: {'category': 'dbt', 'action': 'invocation', 'label': 'end', 'context': [<snowplow_tracker.self_describing_json.SelfDescribingJson object at 0x7da764929310>, <snowplow_tracker.self_describing_json.SelfDescribingJson object at 0x7da764929b90>, <snowplow_tracker.self_describing_json.SelfDescribingJson object at 0x7da764929150>]}
[0m12:35:45.441702 [debug] [MainThread]: Flushing usage events
[0m12:59:15.958150 [debug] [MainThread]: Sending event: {'category': 'dbt', 'action': 'invocation', 'label': 'start', 'context': [<snowplow_tracker.self_describing_json.SelfDescribingJson object at 0x720f40d2ac10>, <snowplow_tracker.self_describing_json.SelfDescribingJson object at 0x720f40d2a250>, <snowplow_tracker.self_describing_json.SelfDescribingJson object at 0x720f40d2ae10>]}


============================== 12:59:15.965228 | 6eaf2f77-2586-43a2-90a8-7cafb2684c9b ==============================
[0m12:59:15.965228 [info ] [MainThread]: Running with dbt=1.5.11
[0m12:59:15.966157 [debug] [MainThread]: running dbt with arguments {'no_print': 'None', 'profiles_dir': '/home/airflow/.dbt', 'use_colors': 'True', 'cache_selected_only': 'False', 'debug': 'False', 'log_path': 'logs', 'use_experimental_parser': 'False', 'indirect_selection': 'eager', 'write_json': 'True', 'version_check': 'True', 'warn_error_options': 'WarnErrorOptions(include=[], exclude=[])', 'fail_fast': 'False', 'target_path': 'None', 'partial_parse': 'True', 'send_anonymous_usage_stats': 'True', 'log_cache_events': 'False', 'quiet': 'False', 'printer_width': '80', 'warn_error': 'None', 'static_parser': 'True', 'log_format': 'default', 'introspect': 'True'}
[0m12:59:15.966778 [warn ] [MainThread]: [ConfigFolderDirectory]: Unable to parse dict {'dir': PosixPath('/home/airflow/.dbt')}
[0m12:59:15.967342 [info ] [MainThread]: Creating dbt configuration folder at 
[0m13:00:06.235859 [error] [MainThread]: Encountered an error:

[0m13:00:06.243024 [error] [MainThread]: Traceback (most recent call last):
  File "/home/airflow/.local/lib/python3.7/site-packages/dbt/cli/requires.py", line 86, in wrapper
    result, success = func(*args, **kwargs)
  File "/home/airflow/.local/lib/python3.7/site-packages/dbt/cli/requires.py", line 71, in wrapper
    return func(*args, **kwargs)
  File "/home/airflow/.local/lib/python3.7/site-packages/dbt/cli/main.py", line 475, in init
    results = task.run()
  File "/home/airflow/.local/lib/python3.7/site-packages/dbt/task/init.py", line 288, in run
    project_name = self.get_valid_project_name()
  File "/home/airflow/.local/lib/python3.7/site-packages/dbt/task/init.py", line 243, in get_valid_project_name
    name = click.prompt("Enter a name for your project (letters, digits, underscore)")
  File "/home/airflow/.local/lib/python3.7/site-packages/click/termui.py", line 166, in prompt
    value = prompt_func(prompt)
  File "/home/airflow/.local/lib/python3.7/site-packages/click/termui.py", line 149, in prompt_func
    raise Abort() from None
click.exceptions.Abort

[0m13:00:06.244710 [debug] [MainThread]: Command `dbt init` failed at 13:00:06.244452 after 50.29 seconds
[0m13:00:06.245409 [debug] [MainThread]: Sending event: {'category': 'dbt', 'action': 'invocation', 'label': 'end', 'context': [<snowplow_tracker.self_describing_json.SelfDescribingJson object at 0x720f40b8efd0>, <snowplow_tracker.self_describing_json.SelfDescribingJson object at 0x720f40b8edd0>, <snowplow_tracker.self_describing_json.SelfDescribingJson object at 0x720f40d2a690>]}
[0m13:00:06.246099 [debug] [MainThread]: Flushing usage events
