[2025-05-15T12:25:08.566+0000] {taskinstance.py:1087} INFO - Dependencies all met for <TaskInstance: sales_data_pipeline.ingest_sales_data scheduled__2025-05-14T00:00:00+00:00 [queued]>
[2025-05-15T12:25:08.583+0000] {taskinstance.py:1087} INFO - Dependencies all met for <TaskInstance: sales_data_pipeline.ingest_sales_data scheduled__2025-05-14T00:00:00+00:00 [queued]>
[2025-05-15T12:25:08.584+0000] {taskinstance.py:1283} INFO - 
--------------------------------------------------------------------------------
[2025-05-15T12:25:08.588+0000] {taskinstance.py:1284} INFO - Starting attempt 1 of 1
[2025-05-15T12:25:08.588+0000] {taskinstance.py:1285} INFO - 
--------------------------------------------------------------------------------
[2025-05-15T12:25:08.608+0000] {taskinstance.py:1304} INFO - Executing <Task(BashOperator): ingest_sales_data> on 2025-05-14 00:00:00+00:00
[2025-05-15T12:25:08.616+0000] {standard_task_runner.py:55} INFO - Started process 202 to run task
[2025-05-15T12:25:08.622+0000] {standard_task_runner.py:82} INFO - Running: ['***', 'tasks', 'run', 'sales_data_pipeline', 'ingest_sales_data', 'scheduled__2025-05-14T00:00:00+00:00', '--job-id', '14', '--raw', '--subdir', 'DAGS_FOLDER/sales_pipeline.py', '--cfg-path', '/tmp/tmp2wp02k64']
[2025-05-15T12:25:08.623+0000] {standard_task_runner.py:83} INFO - Job 14: Subtask ingest_sales_data
[2025-05-15T12:25:08.702+0000] {task_command.py:389} INFO - Running <TaskInstance: sales_data_pipeline.ingest_sales_data scheduled__2025-05-14T00:00:00+00:00 [running]> on host ac3822ff7a50
[2025-05-15T12:25:08.791+0000] {taskinstance.py:1513} INFO - Exporting the following env vars:
AIRFLOW_CTX_DAG_OWNER=***
AIRFLOW_CTX_DAG_ID=sales_data_pipeline
AIRFLOW_CTX_TASK_ID=ingest_sales_data
AIRFLOW_CTX_EXECUTION_DATE=2025-05-14T00:00:00+00:00
AIRFLOW_CTX_TRY_NUMBER=1
AIRFLOW_CTX_DAG_RUN_ID=scheduled__2025-05-14T00:00:00+00:00
[2025-05-15T12:25:08.792+0000] {subprocess.py:63} INFO - Tmp dir root location: 
 /tmp
[2025-05-15T12:25:08.792+0000] {subprocess.py:75} INFO - Running command: ['/bin/bash', '-c', 'cp /opt/***/data/sales.csv /opt/***/processed/sales.csv']
[2025-05-15T12:25:08.806+0000] {subprocess.py:86} INFO - Output:
[2025-05-15T12:25:08.821+0000] {subprocess.py:93} INFO - cp: cannot stat '/opt/***/data/sales.csv': No such file or directory
[2025-05-15T12:25:08.821+0000] {subprocess.py:97} INFO - Command exited with return code 1
[2025-05-15T12:25:08.836+0000] {taskinstance.py:1772} ERROR - Task failed with exception
Traceback (most recent call last):
  File "/home/airflow/.local/lib/python3.7/site-packages/airflow/operators/bash.py", line 197, in execute
    f"Bash command failed. The command returned a non-zero exit code {result.exit_code}."
airflow.exceptions.AirflowException: Bash command failed. The command returned a non-zero exit code 1.
[2025-05-15T12:25:08.840+0000] {taskinstance.py:1327} INFO - Marking task as FAILED. dag_id=sales_data_pipeline, task_id=ingest_sales_data, execution_date=20250514T000000, start_date=20250515T122508, end_date=20250515T122508
[2025-05-15T12:25:08.860+0000] {standard_task_runner.py:105} ERROR - Failed to execute job 14 for task ingest_sales_data (Bash command failed. The command returned a non-zero exit code 1.; 202)
[2025-05-15T12:25:08.916+0000] {local_task_job.py:159} INFO - Task exited with return code 1
[2025-05-15T12:25:08.951+0000] {taskinstance.py:2582} INFO - 0 downstream tasks scheduled from follow-on schedule check
